==========================
Guía de NodeJS y NPM by dM
==========================

=============
Qué es NodeJS
=============

Node.js es un entorno en tiempo de ejecución multiplataforma, de código abierto,
para la capa del servidor (pero no limitándose a ello) basado en el lenguaje de
programación ECMAScript, asíncrono, con I/O de datos en una arquitectura
orientada a eventos y basado en el motor V8 de Google. Fue creado con el enfoque
de ser útil en la creación de programas de red altamente escalables, como por
ejemplo, servidores web.

==========
Qué es NPM
==========

NPM es el manejador de paquetes por defecto para Node.js, es como
decir apt para GNU/Linux Debian o PIP para Python.

Instalación de última versión de NodeJS
=======================================

Nota:
Usaremos $ para describir los comandos que se usaran con usuario regular.
Usaremos # para describir los comandos que se usaran con superusuario.

Para instalar la última versión compilaremos el paquete bajado desde
https://nodejs.org/es/

Instalación de NodeJS desde repos de GNU/Linux Debian
=====================================================

Esta opción instalara la última versión de NodeJS disponjible desde el
repositorio, no necesariamente será la última del paquete por lo que
se recomienda la opción desde el PPA oficial de NodeSource descrita mas adelante.

# apt-get install nodejs nodejs-legacy

-----

Verificar la versión instalada de nodejs

$ nodejs -v

-----

Instalar el gestor de paquetes npm

# apt-get install npm

Instalar Node.js desde el PPA oficial de NodeSource
==================================================

# apt-get install curl

# apt-get install build-essential

# curl -sL https://deb.nodesource.com/setup_10.x | sudo -E bash -

# apt-get install -y nodejs

Si quisiésemos instalar otra versión, el primer comando sería:

4.x: curl -sL https://deb.nodesource.com/setup_4.x | sudo -E bash -
5.x: curl -sL https://deb.nodesource.com/setup_5.x | sudo -E bash -
6.x: curl -sL https://deb.nodesource.com/setup_6.x | sudo -E bash -
7.x: curl -sL https://deb.nodesource.com/setup_7.x | sudo -E bash -
8.x: curl -sL https://deb.nodesource.com/setup_8.x | sudo -E bash -
9.x: curl -sL https://deb.nodesource.com/setup_9.x | sudo -E bash -
10.x: curl -sL https://deb.nodesource.com/setup_10.x | sudo -E bash -

-----

Verificar la versión instalada de nodejs

$ nodejs -v

===========================
Eliminar NodeJS del sistema
===========================

# apt-get --purge remove node

# apt-get --purge remove nodejs

=======================
El archivo package.json
=======================

Es el responsable de almacenar el nombre de las dependencias de node instaladas
catalogándolas principalmente en dos tipos: dependencias de desarrollo y
dependencias de la aplicación.

Al mirar dentro de este archivo, si bien hay algunas cosas que podemos reconocer
de manera inmediata, hay algunos valores y textos que es muy probable que no
sepamos que significan ni como llegaron ahí.

¿Qué es el package.json?
========================

De cierta forma, podemos considerar este package.json como un manifiesto de
nuestro proyecto.

Históricamente, Node ha trabajado con una herramienta para administrar paquetes
llamada npm. Esta herramienta, que normalmente se instala junto con Node, tiene
dos roles fundamentales:

-Manejar la publicación de un proyecto al registro público de npm (para que
otros puedan descargarlo y utilizarlo como dependencia en sus propios proyectos).

-Administrar las dependencias de tu proyecto.

Para esto, guarda un registro en un archivo llamado, justamente, package.json.

Dentro de este archivo se definen y manejan características como:


-Nombre de tu proyecto.
-Versión.
-Dependencias.
-Repositorio.
-Autores.
-Licencia.

A través de este archivo, finalmente, se puede garantizar la integridad del
proyecto. Es decir, podemos asegurar que quienes tengan una copia del mismo,
podrán acceder a las mismas propiedades y sincronizar entre múltiples partes
cada vez que decidan hacer un cambio. De cierta forma, podemos considerar este
package.json como un manifiesto de nuestro proyecto.

Por ejemplo, consideremos el siguiente escenario:

Dos personas están trabajando en el mismo proyecto, con copias independientes en
cada uno de sus equipos. El primero de ellos determina que para completar la
nueva funcionalidad, va a necesitar implementar una nueva librería al proyecto.

Antiguamente, sin manejo de dependencias, era necesario hacer una de dos cosas:

-Incluir la librería (1 o múltiples archivo(s)) manualmente en el directorio del
proyecto, potencialmente aumentando el peso del proyecto de manera considerable.

-No incluir la librería, pero comunicarle a cada persona que obtuviera una copia
del mismo que antes de trabajar en el proyecto necesitaría instalar esta nueva
dependencia (buena forma de hacer nuevos amigos, poco óptimo en términos de
tiempo).

Con el uso de administradores de dependencias, ya estos pasos no son necesarios.
Ahora cada persona que decida obtener una copia del proyecto, desde ahora al
final de los tiempos, puede instalar todas y cada una de las dependencias que
tengamos declaradas en este “manifiesto” sin la necesidad de incluir una copia
de éstas en ningún otro lado más que ahí.

Cabe mencionar que si bien muchas características del package.json parecieran
ser específicas para proyectos publicados en el registro de npm (como librerías)
también aplican para proyectos cuya finalidad no es ser publicados en ningún
registro (como por ejemplo aplicaciones Web o móviles, juegos y otros), pero que
si se benefician de las utilidades relacionadas a la administración de
dependencias.

¿Cómo crearlo?
==============

Antes de crear un package.json, hay solo una regla a tener en consideración: El
archivo debe ser un JSON de formato válido (no puede ser un objeto literal de JS
exportado desde un archivo), con todas las especificaciones que esto implica
(por ejemplo, cada key debe tener comillas dobles, solo ciertos valores son
válidos, etc.)

Para crearlo, hay 2 formas: hacerlo de forma manual o hacerlo de forma
automática:

===================================
Creando un package.json manualmente
===================================

Si bien es recomendable usar alguno de los asistentes para crear el archivo de
forma automática, en caso de que necesitemos hacerlo de forma manual, es solo
cosa de crear un archivo llamado package.json en la raíz del proyecto e incluir,
como mínimo, la siguiente información:

name.
version.

=======================================
Creando un package.json automáticamente
=======================================

Es la forma más rápida de hacerlo, ya que tanto npm como yarn incluyen un
asistente que nos permite crear un package.json con un solo comando:

$ npm init

El asistente nos hará algunas preguntas para definir la información del proyecto
(nombre, version, archivo de entrada, licencia y repositorio entre otros).

Fuente
======

-https://medium.com/noders/t%C3%BA-yo-y-package-json-9553929fb2e3

====
Yarn
====

Es una herramienta de administración de paquetes para Node llamada. Su
funcionamiento, al menos en cuanto al uso del package.json, es prácticamente
igual.

============================
Actualizar la versión de npm
============================

$ npm install -g npm

====================================
Actualizar lista de paquetes de node
====================================

Este comando actualizará todos los paquetes listados a la última versión.

$ npm update

===============================================================
Probar la ejecución de código Javascript desde la CLI de NodeJS
===============================================================

1) Comprobamos que tengamos node instalado

$ node --version

v14.17.1

2) Acceder al CLI de NodeJS

$ node

Welcome to Node.js v14.17.1.
Type ".help" for more information.
>

3) Probando la función console.log()

> console.log("Hello!");
Hello!
undefined

4) Salir del CLI de NodeJS

> .exit

También con Ctrl + d.

==================================
Ejecutar un archivo .js con NodeJS
==================================

1) Crear a index.js y agregar lo siguiente:

var greet = function(person, greeting) {
    var text = greeting + ', ' + person;
    return text;
};
console.log(greet('Rebecca','hello'));

2) Ejecutar el archivo con:

$ node index.js

Salida:

hello, Rebecca

=============================================
Ejemplo de .gitignore para Proyecto de NodeJS
=============================================

node_modules
build
npm-debug.log
.env
.DS_Store

===========
Live Server
===========

Este es un pequeño servidor de desarrollo con capacidad de recarga en vivo.

Úselo para piratear sus archivos HTML/JavaScript/CSS, pero no para implementar
el sitio final.

No es necesario instalar ningún complemento del navegador ni agregar manualmente
fragmentos de código a sus páginas para que funcione la función de recarga;

Instalación
===========

$ npm install -g live-server

Luego, dentro de la carpete del proyecto, donde exista index.html ejecutamos:

$ live-server

Esto nos permite servir nuestro sitio desde http://127.0.0.1:8080 lo visitamos
en el navegar y listo, si actualizamos el código fuente se actualiza en vivo.